[INFO] Scanning for projects...
[INFO] 
[INFO] ---------------------< com.travelai:hotel-service >---------------------
[INFO] Building hotel-service 1.0.0-SNAPSHOT
[INFO]   from pom.xml
[INFO] --------------------------------[ jar ]---------------------------------
[INFO] 
[INFO] >>> spring-boot:3.3.0:run (default-cli) > test-compile @ hotel-service >>>
[INFO] 
[INFO] --- resources:3.3.1:resources (default-resources) @ hotel-service ---
[INFO] Copying 1 resource from src/main/resources to target/classes
[INFO] Copying 0 resource from src/main/resources to target/classes
[INFO] 
[INFO] --- compiler:3.13.0:compile (default-compile) @ hotel-service ---
[INFO] Nothing to compile - all classes are up to date.
[INFO] 
[INFO] --- resources:3.3.1:testResources (default-testResources) @ hotel-service ---
[INFO] skip non existing resourceDirectory /Users/diya/Desktop/AI_Travel_revised/hotel-service/src/test/resources
[INFO] 
[INFO] --- compiler:3.13.0:testCompile (default-testCompile) @ hotel-service ---
[INFO] Nothing to compile - all classes are up to date.
[INFO] 
[INFO] <<< spring-boot:3.3.0:run (default-cli) < test-compile @ hotel-service <<<
[INFO] 
[INFO] 
[INFO] --- spring-boot:3.3.0:run (default-cli) @ hotel-service ---
[INFO] Attaching agents: []
  .   ____          _            __ _ _
 /\\ / ___'_ __ _ _(_)_ __  __ _ \ \ \ \
( ( )\___ | '_ | '_| | '_ \/ _` | \ \ \ \
 \\/  ___)| |_)| | | | | || (_| |  ) ) ) )
  '  |____| .__|_| |_|_| |_\__, | / / / /
 =========|_|==============|___/=/_/_/_/

 :: Spring Boot ::                (v3.3.0)

2026-09-04T00:53:57.613+05:30  INFO 17750 --- [HOTEL-SERVICE] [           main] c.t.hotel.HotelServiceApplication        : Starting HotelServiceApplication using Java 25.0.1 with PID 17750 (/Users/diya/Desktop/AI_Travel_revised/hotel-service/target/classes started by diya in /Users/diya/Desktop/AI_Travel_revised/hotel-service)
2026-09-04T00:53:57.626+05:30  INFO 17750 --- [HOTEL-SERVICE] [           main] c.t.hotel.HotelServiceApplication        : No active profile set, falling back to 1 default profile: "default"
2026-09-04T00:53:59.006+05:30  INFO 17750 --- [HOTEL-SERVICE] [           main] .s.d.r.c.RepositoryConfigurationDelegate : Bootstrapping Spring Data JPA repositories in DEFAULT mode.
2026-09-04T00:53:59.233+05:30  INFO 17750 --- [HOTEL-SERVICE] [           main] .s.d.r.c.RepositoryConfigurationDelegate : Finished Spring Data repository scanning in 218 ms. Found 1 JPA repository interface.
2026-09-04T00:53:59.594+05:30  INFO 17750 --- [HOTEL-SERVICE] [           main] o.s.cloud.context.scope.GenericScope     : BeanFactory id=922d5dee-bed3-30f5-946e-a82d438d3666
2026-09-04T00:53:59.797+05:30  WARN 17750 --- [HOTEL-SERVICE] [           main] trationDelegate$BeanPostProcessorChecker : Bean 'org.springframework.cloud.client.loadbalancer.LoadBalancerAutoConfiguration$DeferringLoadBalancerInterceptorConfig' of type [org.springframework.cloud.client.loadbalancer.LoadBalancerAutoConfiguration$DeferringLoadBalancerInterceptorConfig] is not eligible for getting processed by all BeanPostProcessors (for example: not eligible for auto-proxying). The currently created BeanPostProcessor [lbRestClientPostProcessor] is declared through a non-static factory method on that class; consider declaring it as static instead.
2026-09-04T00:53:59.800+05:30  WARN 17750 --- [HOTEL-SERVICE] [           main] trationDelegate$BeanPostProcessorChecker : Bean 'deferringLoadBalancerInterceptor' of type [org.springframework.cloud.client.loadbalancer.DeferringLoadBalancerInterceptor] is not eligible for getting processed by all BeanPostProcessors (for example: not eligible for auto-proxying). Is this bean getting eagerly injected into a currently created BeanPostProcessor [lbRestClientPostProcessor]? Check the corresponding BeanPostProcessor declaration and its dependencies.
WARNING: A restricted method in java.lang.System has been called
WARNING: java.lang.System::load has been called by org.apache.tomcat.jni.Library in an unnamed module (file:/Users/diya/.m2/repository/org/apache/tomcat/embed/tomcat-embed-core/10.1.24/tomcat-embed-core-10.1.24.jar)
WARNING: Use --enable-native-access=ALL-UNNAMED to avoid a warning for callers in this module
WARNING: Restricted methods will be blocked in a future release unless native access is enabled

2026-09-04T00:54:00.264+05:30  INFO 17750 --- [HOTEL-SERVICE] [           main] o.s.b.w.embedded.tomcat.TomcatWebServer  : Tomcat initialized with port 8083 (http)
2026-09-04T00:54:00.286+05:30  INFO 17750 --- [HOTEL-SERVICE] [           main] o.apache.catalina.core.StandardService   : Starting service [Tomcat]
2026-09-04T00:54:00.286+05:30  INFO 17750 --- [HOTEL-SERVICE] [           main] o.apache.catalina.core.StandardEngine    : Starting Servlet engine: [Apache Tomcat/10.1.24]
2026-09-04T00:54:00.372+05:30  INFO 17750 --- [HOTEL-SERVICE] [           main] o.a.c.c.C.[Tomcat].[localhost].[/]       : Initializing Spring embedded WebApplicationContext
2026-09-04T00:54:00.373+05:30  INFO 17750 --- [HOTEL-SERVICE] [           main] w.s.c.ServletWebServerApplicationContext : Root WebApplicationContext: initialization completed in 2619 ms
2026-09-04T00:54:00.420+05:30  INFO 17750 --- [HOTEL-SERVICE] [           main] com.zaxxer.hikari.HikariDataSource       : HikariPool-1 - Starting...
2026-09-04T00:54:00.653+05:30  INFO 17750 --- [HOTEL-SERVICE] [           main] com.zaxxer.hikari.pool.HikariPool        : HikariPool-1 - Added connection conn0: url=jdbc:h2:mem:hoteldb user=SA
2026-09-04T00:54:00.654+05:30  INFO 17750 --- [HOTEL-SERVICE] [           main] com.zaxxer.hikari.HikariDataSource       : HikariPool-1 - Start completed.
2026-09-04T00:54:00.667+05:30  INFO 17750 --- [HOTEL-SERVICE] [           main] o.s.b.a.h2.H2ConsoleAutoConfiguration    : H2 console available at '/h2-console'. Database available at 'jdbc:h2:mem:hoteldb'
2026-09-04T00:54:00.868+05:30  INFO 17750 --- [HOTEL-SERVICE] [           main] o.hibernate.jpa.internal.util.LogHelper  : HHH000204: Processing PersistenceUnitInfo [name: default]
2026-09-04T00:54:00.953+05:30  INFO 17750 --- [HOTEL-SERVICE] [           main] org.hibernate.Version                    : HHH000412: Hibernate ORM core version 6.5.2.Final
2026-09-04T00:54:01.000+05:30  INFO 17750 --- [HOTEL-SERVICE] [           main] o.h.c.internal.RegionFactoryInitiator    : HHH000026: Second-level cache disabled
2026-09-04T00:54:02.010+05:30  INFO 17750 --- [HOTEL-SERVICE] [           main] o.s.o.j.p.SpringPersistenceUnitInfo      : No LoadTimeWeaver setup: ignoring JPA class transformer
2026-09-04T00:54:02.142+05:30  WARN 17750 --- [HOTEL-SERVICE] [           main] org.hibernate.orm.deprecation            : HHH90000025: H2Dialect does not need to be specified explicitly using 'hibernate.dialect' (remove the property setting and it will be selected by default)
2026-09-04T00:54:03.246+05:30  INFO 17750 --- [HOTEL-SERVICE] [           main] o.h.e.t.j.p.i.JtaPlatformInitiator       : HHH000489: No JTA platform available (set 'hibernate.transaction.jta.platform' to enable JTA platform integration)
2026-09-04T00:54:03.981+05:30  INFO 17750 --- [HOTEL-SERVICE] [           main] j.LocalContainerEntityManagerFactoryBean : Initialized JPA EntityManagerFactory for persistence unit 'default'
2026-09-04T00:54:04.507+05:30  WARN 17750 --- [HOTEL-SERVICE] [           main] JpaBaseConfiguration$JpaWebConfiguration : spring.jpa.open-in-view is enabled by default. Therefore, database queries may be performed during view rendering. Explicitly configure spring.jpa.open-in-view to disable this warning
2026-09-04T00:54:05.572+05:30  INFO 17750 --- [HOTEL-SERVICE] [           main] DiscoveryClientOptionalArgsConfiguration : Eureka HTTP Client uses RestTemplate.
2026-09-04T00:54:05.746+05:30  WARN 17750 --- [HOTEL-SERVICE] [           main] iguration$LoadBalancerCaffeineWarnLogger : Spring Cloud LoadBalancer is currently working with the default cache. While this cache implementation is useful for development and tests, it's recommended to use Caffeine cache in production.You can switch to using Caffeine cache, by adding it and org.springframework.cache.caffeine.CaffeineCacheManager to the classpath.
2026-09-04T00:54:05.864+05:30  INFO 17750 --- [HOTEL-SERVICE] [           main] o.s.c.n.eureka.InstanceInfoFactory       : Setting initial instance status as: STARTING
2026-09-04T00:54:06.472+05:30  INFO 17750 --- [HOTEL-SERVICE] [           main] com.netflix.discovery.DiscoveryClient    : Initializing Eureka in region us-east-1
2026-09-04T00:54:06.492+05:30  INFO 17750 --- [HOTEL-SERVICE] [           main] c.n.d.s.r.aws.ConfigClusterResolver      : Resolving eureka endpoints via configuration
2026-09-04T00:54:06.529+05:30  INFO 17750 --- [HOTEL-SERVICE] [           main] com.netflix.discovery.DiscoveryClient    : Disable delta property : false
2026-09-04T00:54:06.529+05:30  INFO 17750 --- [HOTEL-SERVICE] [           main] com.netflix.discovery.DiscoveryClient    : Single vip registry refresh property : null
2026-09-04T00:54:06.529+05:30  INFO 17750 --- [HOTEL-SERVICE] [           main] com.netflix.discovery.DiscoveryClient    : Force full registry fetch : false
2026-09-04T00:54:06.529+05:30  INFO 17750 --- [HOTEL-SERVICE] [           main] com.netflix.discovery.DiscoveryClient    : Application is null : false
2026-09-04T00:54:06.529+05:30  INFO 17750 --- [HOTEL-SERVICE] [           main] com.netflix.discovery.DiscoveryClient    : Registered Applications size is zero : true
2026-09-04T00:54:06.529+05:30  INFO 17750 --- [HOTEL-SERVICE] [           main] com.netflix.discovery.DiscoveryClient    : Application version is -1: true
2026-09-04T00:54:06.529+05:30  INFO 17750 --- [HOTEL-SERVICE] [           main] com.netflix.discovery.DiscoveryClient    : Getting all instance registry info from the eureka server
2026-09-04T00:54:07.536+05:30  INFO 17750 --- [HOTEL-SERVICE] [           main] com.netflix.discovery.DiscoveryClient    : The response status is 200
2026-09-04T00:54:07.539+05:30  INFO 17750 --- [HOTEL-SERVICE] [           main] com.netflix.discovery.DiscoveryClient    : Starting heartbeat executor: renew interval is: 30
2026-09-04T00:54:07.564+05:30  INFO 17750 --- [HOTEL-SERVICE] [           main] c.n.discovery.InstanceInfoReplicator     : InstanceInfoReplicator onDemand update allowed rate per min is 4
2026-09-04T00:54:07.570+05:30  INFO 17750 --- [HOTEL-SERVICE] [           main] com.netflix.discovery.DiscoveryClient    : Discovery Client initialized at timestamp 1788463447567 with initial instances count: 4
2026-09-04T00:54:07.586+05:30  INFO 17750 --- [HOTEL-SERVICE] [           main] o.s.c.n.e.s.EurekaServiceRegistry        : Registering application HOTEL-SERVICE with eureka with status UP
2026-09-04T00:54:07.587+05:30  INFO 17750 --- [HOTEL-SERVICE] [           main] com.netflix.discovery.DiscoveryClient    : Saw local status change event StatusChangeEvent [timestamp=1788463447587, current=UP, previous=STARTING]
2026-09-04T00:54:07.589+05:30  INFO 17750 --- [HOTEL-SERVICE] [foReplicator-%d] com.netflix.discovery.DiscoveryClient    : DiscoveryClient_HOTEL-SERVICE/192.168.68.104:HOTEL-SERVICE:8083: registering service...
2026-09-04T00:54:07.606+05:30  INFO 17750 --- [HOTEL-SERVICE] [           main] o.s.b.w.embedded.tomcat.TomcatWebServer  : Tomcat started on port 8083 (http) with context path '/'
2026-09-04T00:54:07.608+05:30  INFO 17750 --- [HOTEL-SERVICE] [           main] .s.c.n.e.s.EurekaAutoServiceRegistration : Updating port to 8083
2026-09-04T00:54:07.647+05:30  INFO 17750 --- [HOTEL-SERVICE] [           main] c.t.hotel.HotelServiceApplication        : Started HotelServiceApplication in 11.052 seconds (process running for 12.117)
2026-09-04T00:54:07.676+05:30  INFO 17750 --- [HOTEL-SERVICE] [foReplicator-%d] com.netflix.discovery.DiscoveryClient    : DiscoveryClient_HOTEL-SERVICE/192.168.68.104:HOTEL-SERVICE:8083 - registration status: 204
2026-09-04T00:55:31.178+05:30  INFO 17750 --- [HOTEL-SERVICE] [nio-8083-exec-1] o.a.c.c.C.[Tomcat].[localhost].[/]       : Initializing Spring DispatcherServlet 'dispatcherServlet'
2026-09-04T00:55:31.178+05:30  INFO 17750 --- [HOTEL-SERVICE] [nio-8083-exec-1] o.s.web.servlet.DispatcherServlet        : Initializing Servlet 'dispatcherServlet'
2026-09-04T00:55:31.180+05:30  INFO 17750 --- [HOTEL-SERVICE] [nio-8083-exec-1] o.s.web.servlet.DispatcherServlet        : Completed initialization in 2 ms
2026-09-04T00:59:06.539+05:30  INFO 17750 --- [HOTEL-SERVICE] [rap-executor-%d] c.n.d.s.r.aws.ConfigClusterResolver      : Resolving eureka endpoints via configuration
2026-09-04T01:04:06.541+05:30  INFO 17750 --- [HOTEL-SERVICE] [rap-executor-%d] c.n.d.s.r.aws.ConfigClusterResolver      : Resolving eureka endpoints via configuration
2026-09-04T01:09:06.546+05:30  INFO 17750 --- [HOTEL-SERVICE] [rap-executor-%d] c.n.d.s.r.aws.ConfigClusterResolver      : Resolving eureka endpoints via configuration
2026-09-04T01:14:06.556+05:30  INFO 17750 --- [HOTEL-SERVICE] [rap-executor-%d] c.n.d.s.r.aws.ConfigClusterResolver      : Resolving eureka endpoints via configuration
2026-09-04T01:19:06.564+05:30  INFO 17750 --- [HOTEL-SERVICE] [rap-executor-%d] c.n.d.s.r.aws.ConfigClusterResolver      : Resolving eureka endpoints via configuration
2026-09-04T01:24:06.570+05:30  INFO 17750 --- [HOTEL-SERVICE] [rap-executor-%d] c.n.d.s.r.aws.ConfigClusterResolver      : Resolving eureka endpoints via configuration
2026-09-04T01:29:06.583+05:30  INFO 17750 --- [HOTEL-SERVICE] [rap-executor-%d] c.n.d.s.r.aws.ConfigClusterResolver      : Resolving eureka endpoints via configuration
2026-09-04T01:34:06.592+05:30  INFO 17750 --- [HOTEL-SERVICE] [rap-executor-%d] c.n.d.s.r.aws.ConfigClusterResolver      : Resolving eureka endpoints via configuration
2026-09-04T01:39:06.606+05:30  INFO 17750 --- [HOTEL-SERVICE] [rap-executor-%d] c.n.d.s.r.aws.ConfigClusterResolver      : Resolving eureka endpoints via configuration
2026-09-04T01:44:06.618+05:30  INFO 17750 --- [HOTEL-SERVICE] [rap-executor-%d] c.n.d.s.r.aws.ConfigClusterResolver      : Resolving eureka endpoints via configuration
2026-09-04T01:49:06.607+05:30  INFO 17750 --- [HOTEL-SERVICE] [rap-executor-%d] c.n.d.s.r.aws.ConfigClusterResolver      : Resolving eureka endpoints via configuration
2026-09-04T01:54:06.615+05:30  INFO 17750 --- [HOTEL-SERVICE] [rap-executor-%d] c.n.d.s.r.aws.ConfigClusterResolver      : Resolving eureka endpoints via configuration
2026-09-04T01:59:06.627+05:30  INFO 17750 --- [HOTEL-SERVICE] [rap-executor-%d] c.n.d.s.r.aws.ConfigClusterResolver      : Resolving eureka endpoints via configuration
2026-09-04T02:04:06.638+05:30  INFO 17750 --- [HOTEL-SERVICE] [rap-executor-%d] c.n.d.s.r.aws.ConfigClusterResolver      : Resolving eureka endpoints via configuration
2026-09-04T02:09:06.629+05:30  INFO 17750 --- [HOTEL-SERVICE] [rap-executor-%d] c.n.d.s.r.aws.ConfigClusterResolver      : Resolving eureka endpoints via configuration
2026-09-04T02:14:06.636+05:30  INFO 17750 --- [HOTEL-SERVICE] [rap-executor-%d] c.n.d.s.r.aws.ConfigClusterResolver      : Resolving eureka endpoints via configuration
2026-09-04T02:19:06.647+05:30  INFO 17750 --- [HOTEL-SERVICE] [rap-executor-%d] c.n.d.s.r.aws.ConfigClusterResolver      : Resolving eureka endpoints via configuration
2026-09-04T02:24:06.653+05:30  INFO 17750 --- [HOTEL-SERVICE] [rap-executor-%d] c.n.d.s.r.aws.ConfigClusterResolver      : Resolving eureka endpoints via configuration
2026-09-04T02:29:06.659+05:30  INFO 17750 --- [HOTEL-SERVICE] [rap-executor-%d] c.n.d.s.r.aws.ConfigClusterResolver      : Resolving eureka endpoints via configuration
2026-09-04T02:34:06.667+05:30  INFO 17750 --- [HOTEL-SERVICE] [rap-executor-%d] c.n.d.s.r.aws.ConfigClusterResolver      : Resolving eureka endpoints via configuration
2026-09-04T02:39:06.684+05:30  INFO 17750 --- [HOTEL-SERVICE] [rap-executor-%d] c.n.d.s.r.aws.ConfigClusterResolver      : Resolving eureka endpoints via configuration
2026-09-04T02:44:06.693+05:30  INFO 17750 --- [HOTEL-SERVICE] [rap-executor-%d] c.n.d.s.r.aws.ConfigClusterResolver      : Resolving eureka endpoints via configuration
2026-09-04T02:49:06.699+05:30  INFO 17750 --- [HOTEL-SERVICE] [rap-executor-%d] c.n.d.s.r.aws.ConfigClusterResolver      : Resolving eureka endpoints via configuration
2026-09-04T02:54:06.717+05:30  INFO 17750 --- [HOTEL-SERVICE] [rap-executor-%d] c.n.d.s.r.aws.ConfigClusterResolver      : Resolving eureka endpoints via configuration
2026-09-04T02:59:06.725+05:30  INFO 17750 --- [HOTEL-SERVICE] [rap-executor-%d] c.n.d.s.r.aws.ConfigClusterResolver      : Resolving eureka endpoints via configuration
2026-09-04T03:04:06.735+05:30  INFO 17750 --- [HOTEL-SERVICE] [rap-executor-%d] c.n.d.s.r.aws.ConfigClusterResolver      : Resolving eureka endpoints via configuration
2026-09-04T03:09:06.749+05:30  INFO 17750 --- [HOTEL-SERVICE] [rap-executor-%d] c.n.d.s.r.aws.ConfigClusterResolver      : Resolving eureka endpoints via configuration
2026-09-04T03:14:06.760+05:30  INFO 17750 --- [HOTEL-SERVICE] [rap-executor-%d] c.n.d.s.r.aws.ConfigClusterResolver      : Resolving eureka endpoints via configuration
2026-09-04T03:19:06.770+05:30  INFO 17750 --- [HOTEL-SERVICE] [rap-executor-%d] c.n.d.s.r.aws.ConfigClusterResolver      : Resolving eureka endpoints via configuration
2026-09-04T03:24:06.773+05:30  INFO 17750 --- [HOTEL-SERVICE] [rap-executor-%d] c.n.d.s.r.aws.ConfigClusterResolver      : Resolving eureka endpoints via configuration
2026-09-04T03:29:06.759+05:30  INFO 17750 --- [HOTEL-SERVICE] [rap-executor-%d] c.n.d.s.r.aws.ConfigClusterResolver      : Resolving eureka endpoints via configuration
2026-09-04T03:34:06.766+05:30  INFO 17750 --- [HOTEL-SERVICE] [rap-executor-%d] c.n.d.s.r.aws.ConfigClusterResolver      : Resolving eureka endpoints via configuration
2026-09-04T03:39:06.773+05:30  INFO 17750 --- [HOTEL-SERVICE] [rap-executor-%d] c.n.d.s.r.aws.ConfigClusterResolver      : Resolving eureka endpoints via configuration
2026-09-04T03:44:06.771+05:30  INFO 17750 --- [HOTEL-SERVICE] [rap-executor-%d] c.n.d.s.r.aws.ConfigClusterResolver      : Resolving eureka endpoints via configuration
2026-09-04T03:49:06.780+05:30  INFO 17750 --- [HOTEL-SERVICE] [rap-executor-%d] c.n.d.s.r.aws.ConfigClusterResolver      : Resolving eureka endpoints via configuration
2026-09-04T03:54:06.782+05:30  INFO 17750 --- [HOTEL-SERVICE] [rap-executor-%d] c.n.d.s.r.aws.ConfigClusterResolver      : Resolving eureka endpoints via configuration
2026-09-04T03:56:28.234+05:30  WARN 17750 --- [HOTEL-SERVICE] [l-1 housekeeper] com.zaxxer.hikari.pool.HikariPool        : HikariPool-1 - Thread starvation or clock leap detected (housekeeper delta=1m55s16ms).
2026-09-04T05:24:36.547+05:30  WARN 17750 --- [HOTEL-SERVICE] [l-1 housekeeper] com.zaxxer.hikari.pool.HikariPool        : HikariPool-1 - Thread starvation or clock leap detected (housekeeper delta=1h28m8s316ms).
2026-09-04T06:48:22.394+05:30  WARN 17750 --- [HOTEL-SERVICE] [l-1 housekeeper] com.zaxxer.hikari.pool.HikariPool        : HikariPool-1 - Thread starvation or clock leap detected (housekeeper delta=1h23m45s846ms).
2026-09-04T07:59:24.561+05:30  WARN 17750 --- [HOTEL-SERVICE] [l-1 housekeeper] com.zaxxer.hikari.pool.HikariPool        : HikariPool-1 - Thread starvation or clock leap detected (housekeeper delta=1h11m2s168ms).
2026-09-04T09:00:31.324+05:30  WARN 17750 --- [HOTEL-SERVICE] [l-1 housekeeper] com.zaxxer.hikari.pool.HikariPool        : HikariPool-1 - Thread starvation or clock leap detected (housekeeper delta=1h1m6s763ms).
2026-09-04T10:01:30.581+05:30  WARN 17750 --- [HOTEL-SERVICE] [l-1 housekeeper] com.zaxxer.hikari.pool.HikariPool        : HikariPool-1 - Thread starvation or clock leap detected (housekeeper delta=1h59s256ms).
2026-09-04T11:19:42.707+05:30  WARN 17750 --- [HOTEL-SERVICE] [l-1 housekeeper] com.zaxxer.hikari.pool.HikariPool        : HikariPool-1 - Thread starvation or clock leap detected (housekeeper delta=1h18m12s127ms).
2026-09-04T12:53:34.868+05:30  WARN 17750 --- [HOTEL-SERVICE] [l-1 housekeeper] com.zaxxer.hikari.pool.HikariPool        : HikariPool-1 - Thread starvation or clock leap detected (housekeeper delta=1h33m52s161ms).
2026-09-04T13:38:32.438+05:30  WARN 17750 --- [HOTEL-SERVICE] [l-1 housekeeper] com.zaxxer.hikari.pool.HikariPool        : HikariPool-1 - Thread starvation or clock leap detected (housekeeper delta=44m57s569ms).
2026-09-04T13:55:33.890+05:30  INFO 17750 --- [HOTEL-SERVICE] [rap-executor-%d] c.n.d.s.r.aws.ConfigClusterResolver      : Resolving eureka endpoints via configuration
2026-09-04T14:22:26.986+05:30  WARN 17750 --- [HOTEL-SERVICE] [l-1 housekeeper] com.zaxxer.hikari.pool.HikariPool        : HikariPool-1 - Thread starvation or clock leap detected (housekeeper delta=43m54s549ms).
2026-09-04T14:56:19.740+05:30  WARN 17750 --- [HOTEL-SERVICE] [l-1 housekeeper] com.zaxxer.hikari.pool.HikariPool        : HikariPool-1 - Thread starvation or clock leap detected (housekeeper delta=33m52s754ms).
2026-09-04T15:34:35.114+05:30  WARN 17750 --- [HOTEL-SERVICE] [l-1 housekeeper] com.zaxxer.hikari.pool.HikariPool        : HikariPool-1 - Thread starvation or clock leap detected (housekeeper delta=38m15s372ms).
2026-09-04T15:38:08.819+05:30  INFO 17750 --- [HOTEL-SERVICE] [rap-executor-%d] c.n.d.s.r.aws.ConfigClusterResolver      : Resolving eureka endpoints via configuration
2026-09-04T15:43:08.823+05:30  INFO 17750 --- [HOTEL-SERVICE] [rap-executor-%d] c.n.d.s.r.aws.ConfigClusterResolver      : Resolving eureka endpoints via configuration
